FILE_TYPE=LIBRARY_PARTS;
PRIMITIVE '50ZLH100MEFC8X11.5','50ZLH100MEFC8X11.5_Capacitor, Polarized Radial Diameter';
  PIN
    '+':
      PIN_NUMBER='(1)';
      NO_LOAD_CHECK=BOTH;
      NO_IO_CHECK=BOTH;
      ALLOW_CONNECT=TRUE;
      PINUSE='UNSPEC';
    '-':
      PIN_NUMBER='(2)';
      NO_LOAD_CHECK=BOTH;
      NO_IO_CHECK=BOTH;
      ALLOW_CONNECT=TRUE;
      PINUSE='UNSPEC';
  END_PIN;
  BODY
    PART_NAME='50ZLH100MEFC8X11.5';
    PHYS_DES_PREFIX='C';
    NO_LOAD_CHECK='TRUE';
    PIN_COUNT='2';
    BODY_NAME='50ZLH100MEFC8X11.5';
    JEDEC_TYPE='CAPPRD350W60D825H1350';
  END_BODY;
END_PRIMITIVE;
END.
